<html>
<body>
<pre>
<h1>�Vision Build Log</h1>
<h2>Tool Versions:</h2>
IDE-Version: ��Vision V5.41.0.0
Copyright (C) 2024 ARM Ltd and ARM Germany GmbH. All rights reserved.
License Information: 1 1, 1, LIC=32B1Q-N49NW-Z9PG9-4QSC4-VMY3D-CS9K1
 
Tool Versions:
Toolchain:       MDK-ARM Plus  Version: 5.41.0.0
Toolchain Path:  C:\Users\29755\AppData\Local\Keil_v5\ARM\ARM_Compiler_5.06u7\Bin
C Compiler:      Armcc.exe V5.06 update 7 (build 960)
Assembler:       Armasm.exe V5.06 update 7 (build 960)
Linker/Locator:  ArmLink.exe V5.06 update 7 (build 960)
Library Manager: ArmAr.exe V5.06 update 7 (build 960)
Hex Converter:   FromElf.exe V5.06 update 7 (build 960)
CPU DLL:         SARMCM3.DLL V5.41.0.0
Dialog DLL:      DCM.DLL V1.17.5.0
Target DLL:      STLink\ST-LINKIII-KEIL_SWO.dll V3.3.0.0
Dialog DLL:      TCM.DLL V1.56.4.0
 
<h2>Project:</h2>
C:\led3\duorenwu\MDK-ARM\duorenwu.uvprojx
Project File Date:  12/23/2024

<h2>Output:</h2>
*** Using Compiler 'V5.06 update 7 (build 960)', folder: 'C:\Users\29755\AppData\Local\Keil_v5\ARM\ARM_Compiler_5.06u7\Bin'
Rebuild target 'duorenwu'
assembling startup_stm32f103xb.s...
compiling usart.c...
compiling stm32f1xx_hal.c...
compiling stm32f1xx_hal_cortex.c...
compiling stm32f1xx_hal_gpio_ex.c...
compiling stm32f1xx_hal_gpio.c...
compiling stm32f1xx_hal_msp.c...
compiling stm32f1xx_hal_dma.c...
compiling stm32f1xx_hal_pwr.c...
compiling stm32f1xx_it.c...
assembling cpu_a.asm...
compiling gpio.c...
compiling cpu_core.c...
compiling cpu_c.c...
compiling stm32f1xx_hal_flash.c...
compiling stm32f1xx_hal_rcc_ex.c...
compiling lib_ascii.c...
compiling lib_math.c...
assembling lib_mem_a.asm...
assembling os_cpu_a.s...
compiling lib_mem.c...
compiling stm32f1xx_hal_uart.c...
compiling lib_str.c...
compiling os_cpu_c.c...
compiling os_cfg_app.c...
compiling os_dbg.c...
compiling main.c...
.\uC-BSP\bsp.h(8): warning:  #1-D: last line of file ends without a newline
  #endif
../Core/Src/main.c(312): warning:  #870-D: invalid multibyte character sequence
  			printf("hello uc/OS! 欢迎来到RTOS多任务环�? \r\n");
../Core/Src/main.c(378): warning:  #1-D: last line of file ends without a newline
   
../Core/Src/main.c: 3 warnings, 0 errors
compiling os_core.c...
compiling os_mem.c...
compiling os_int.c...
compiling os_msg.c...
compiling os_flag.c...
compiling os_mutex.c...
compiling stm32f1xx_hal_rcc.c...
compiling os_prio.c...
compiling os_pend_multi.c...
compiling os_sem.c...
compiling os_q.c...
compiling stm32f1xx_hal_flash_ex.c...
compiling os_stat.c...
compiling system_stm32f1xx.c...
compiling stm32f1xx_hal_exti.c...
compiling os_time.c...
compiling os_tick.c...
compiling os_var.c...
compiling os_app_hooks.c...
compiling os_tmr.c...
compiling os_task.c...
compiling bsp.c...
.\uC-BSP\bsp.h(8): warning:  #1-D: last line of file ends without a newline
  #endif
uC-BSP\bsp.c(92): warning:  #1-D: last line of file ends without a newline
   
uC-BSP\bsp.c: 2 warnings, 0 errors
linking...
Program Size: Code=18060 RO-data=428 RW-data=264 ZI-data=14920  
FromELF: creating hex file...
"duorenwu\duorenwu.axf" - 0 Error(s), 5 Warning(s).

<h2>Software Packages used:</h2>

Package Vendor: ARM
                https://www.keil.com/pack/ARM.CMSIS.6.1.0.pack
                ARM::CMSIS@6.1.0
                CMSIS (Common Microcontroller Software Interface Standard)
   * Component: CORE Version: 6.1.0

Package Vendor: Keil
                http://www.keil.com/pack/Keil.STM32F1xx_DFP.2.3.0.pack
                Keil::STM32F1xx_DFP@2.3.0
                STMicroelectronics STM32F1 Series Device Support, Drivers and Examples

<h2>Collection of Component include folders:</h2>
  ./RTE/_duorenwu
  C:/Users/29755/AppData/Local/Arm/Packs/ARM/CMSIS/6.1.0/CMSIS/Core/Include
  C:/Users/29755/AppData/Local/Arm/Packs/Keil/STM32F1xx_DFP/2.3.0/Device/Include

<h2>Collection of Component Files used:</h2>

   * Component: ARM::CMSIS:CORE@6.1.0
Build Time Elapsed:  00:00:05
</pre>
</body>
</html>
